#-----------------------------------------------------------
# Vivado v2019.2 (64-bit)
# SW Build 2708876 on Wed Nov  6 21:39:14 MST 2019
# IP Build 2700528 on Thu Nov  7 00:09:20 MST 2019
# Start of session at: Sat Nov 20 15:11:03 2021
# Process ID: 6482
# Current directory: /home/limenet1/Work/MyProjects/pcie_5Gradio2/pcie_5gradio_gw
# Command line: vivado
# Log file: /home/limenet1/Work/MyProjects/pcie_5Gradio2/pcie_5gradio_gw/vivado.log
# Journal file: /home/limenet1/Work/MyProjects/pcie_5Gradio2/pcie_5gradio_gw/vivado.jou
#-----------------------------------------------------------
start_gui
open_project /home/limenet1/Work/MyProjects/pcie_5Gradio2/pcie_5gradio_gw/PCIe_5GRadio_lms7_trx/PCIe_5GRadio_lms7_trx.xpr
open_hw_manager
connect_hw_server -allow_non_jtag
open_hw_target
set_property PROGRAM.FILE {/home/limenet1/Work/MyProjects/pcie_5Gradio2/pcie_5gradio_gw/PCIe_5GRadio_lms7_trx/PCIe_5GRadio_lms7_trx.runs/impl_1/lms7_trx_top.bit} [get_hw_devices xc7a200t_0]
set_property PROBES.FILE {/home/limenet1/Work/MyProjects/pcie_5Gradio2/pcie_5gradio_gw/PCIe_5GRadio_lms7_trx/PCIe_5GRadio_lms7_trx.runs/impl_1/lms7_trx_top.ltx} [get_hw_devices xc7a200t_0]
set_property FULL_PROBES.FILE {/home/limenet1/Work/MyProjects/pcie_5Gradio2/pcie_5gradio_gw/PCIe_5GRadio_lms7_trx/PCIe_5GRadio_lms7_trx.runs/impl_1/lms7_trx_top.ltx} [get_hw_devices xc7a200t_0]
current_hw_device [get_hw_devices xc7a200t_0]
refresh_hw_device [lindex [get_hw_devices xc7a200t_0] 0]
create_hw_cfgmem -hw_device [get_hw_devices xc7a200t_0] -mem_dev [lindex [get_cfgmem_parts {mx25l25645g-spi-x1_x2_x4}] 0]
display_hw_ila_data [ get_hw_ila_data hw_ila_data_1 -of_objects [get_hw_ilas -of_objects [get_hw_devices xc7a200t_0] -filter {CELL_NAME=~"u_ila_0"}]]
reset_run synth_1
launch_runs impl_1 -to_step write_bitstream -jobs 4
wait_on_run impl_1
save_wave_config {/home/limenet1/Work/MyProjects/pcie_5Gradio2/pcie_5gradio_gw/PCIe_5GRadio_lms7_trx/PCIe_5GRadio_lms7_trx.hw/hw_1/wave/hw_ila_data_1/hw_ila_data_1.wcfg}
close_hw_manager
source ./gen_prog_file.tcl
open_hw_manager
connect_hw_server -allow_non_jtag
open_hw_target
set_property PROGRAM.FILE {/home/limenet1/Work/MyProjects/pcie_5Gradio2/pcie_5gradio_gw/PCIe_5GRadio_lms7_trx/PCIe_5GRadio_lms7_trx.runs/impl_1/lms7_trx_top.bit} [get_hw_devices xc7a200t_0]
set_property PROBES.FILE {/home/limenet1/Work/MyProjects/pcie_5Gradio2/pcie_5gradio_gw/PCIe_5GRadio_lms7_trx/PCIe_5GRadio_lms7_trx.runs/impl_1/lms7_trx_top.ltx} [get_hw_devices xc7a200t_0]
set_property FULL_PROBES.FILE {/home/limenet1/Work/MyProjects/pcie_5Gradio2/pcie_5gradio_gw/PCIe_5GRadio_lms7_trx/PCIe_5GRadio_lms7_trx.runs/impl_1/lms7_trx_top.ltx} [get_hw_devices xc7a200t_0]
current_hw_device [get_hw_devices xc7a200t_0]
refresh_hw_device [lindex [get_hw_devices xc7a200t_0] 0]
create_hw_cfgmem -hw_device [get_hw_devices xc7a200t_0] -mem_dev [lindex [get_cfgmem_parts {mx25l25645g-spi-x1_x2_x4}] 0]
display_hw_ila_data [ get_hw_ila_data hw_ila_data_1 -of_objects [get_hw_ilas -of_objects [get_hw_devices xc7a200t_0] -filter {CELL_NAME=~"u_ila_0"}]]
set_property PROGRAM.ADDRESS_RANGE  {use_file} [ get_property PROGRAM.HW_CFGMEM [lindex [get_hw_devices xc7a200t_0] 0]]
set_property PROGRAM.FILES [list "/home/limenet1/Work/MyProjects/pcie_5Gradio2/pcie_5gradio_gw/bitstream/lms7_trx_Borko_04.mcs" ] [ get_property PROGRAM.HW_CFGMEM [lindex [get_hw_devices xc7a200t_0] 0]]
set_property PROGRAM.PRM_FILE {} [ get_property PROGRAM.HW_CFGMEM [lindex [get_hw_devices xc7a200t_0] 0]]
set_property PROGRAM.UNUSED_PIN_TERMINATION {pull-none} [ get_property PROGRAM.HW_CFGMEM [lindex [get_hw_devices xc7a200t_0] 0]]
set_property PROGRAM.BLANK_CHECK  0 [ get_property PROGRAM.HW_CFGMEM [lindex [get_hw_devices xc7a200t_0] 0]]
set_property PROGRAM.ERASE  1 [ get_property PROGRAM.HW_CFGMEM [lindex [get_hw_devices xc7a200t_0] 0]]
set_property PROGRAM.CFG_PROGRAM  1 [ get_property PROGRAM.HW_CFGMEM [lindex [get_hw_devices xc7a200t_0] 0]]
set_property PROGRAM.VERIFY  1 [ get_property PROGRAM.HW_CFGMEM [lindex [get_hw_devices xc7a200t_0] 0]]
set_property PROGRAM.CHECKSUM  0 [ get_property PROGRAM.HW_CFGMEM [lindex [get_hw_devices xc7a200t_0] 0]]
startgroup 
create_hw_bitstream -hw_device [lindex [get_hw_devices xc7a200t_0] 0] [get_property PROGRAM.HW_CFGMEM_BITFILE [ lindex [get_hw_devices xc7a200t_0] 0]]; program_hw_devices [lindex [get_hw_devices xc7a200t_0] 0]; refresh_hw_device [lindex [get_hw_devices xc7a200t_0] 0];
program_hw_cfgmem -hw_cfgmem [ get_property PROGRAM.HW_CFGMEM [lindex [get_hw_devices xc7a200t_0] 0]]
endgroup
save_wave_config {/home/limenet1/Work/MyProjects/pcie_5Gradio2/pcie_5gradio_gw/PCIe_5GRadio_lms7_trx/PCIe_5GRadio_lms7_trx.hw/hw_1/wave/hw_ila_data_1/hw_ila_data_1.wcfg}
