15:23:36 **** Incremental Build of project lms7_trx_top ****
buildplatform.sh 42467 lms7_trx_top no_domain_build 
XSDB Server Channel: tcfchan#2
15:23:40 **** Incremental Build of configuration Debug for project cpu ****
make all 
Building file: ../src/main.c
Invoking: MicroBlaze gcc compiler
mb-gcc -Wall -O0 -g3 -c -fmessage-length=0 -MT"src/main.o" -I/home/servenikas/git/pcie_5gradio_gw/workspace/lms7_trx_top/export/lms7_trx_top/sw/lms7_trx_top/domain_microblaze_0/bspinclude/include -mlittle-endian -mcpu=v11.0 -mxl-soft-mul -Wl,--no-relax -ffunction-sections -fdata-sections -MMD -MP -MF"src/main.d" -MT"src/main.o" -o "src/main.o" "../src/main.c"
../src/main.c: In function 'Write_to_CDCM':
../src/main.c:135:6: warning: variable 'spi_status' set but not used [-Wunused-but-set-variable]
  135 |  int spi_status;
      |      ^~~~~~~~~~
../src/main.c: In function 'Init_CDCM':
../src/main.c:175:6: warning: variable 'spi_status' set but not used [-Wunused-but-set-variable]
  175 |  int spi_status;
      |      ^~~~~~~~~~
../src/main.c: In function 'Configure_LM75':
../src/main.c:307:6: warning: variable 'rez' set but not used [-Wunused-but-set-variable]
  307 |  int rez;
      |      ^~~
../src/main.c: In function 'TestMode_ADC':
../src/main.c:360:6: warning: variable 'spirez' set but not used [-Wunused-but-set-variable]
  360 |  int spirez;
      |      ^~~~~~
../src/main.c:359:10: warning: unused variable 'rd_buf' [-Wunused-variable]
  359 |  uint8_t rd_buf[2];
      |          ^~~~~~
../src/main.c: In function 'init_ADC':
../src/main.c:408:6: warning: variable 'spirez' set but not used [-Wunused-but-set-variable]
  408 |  int spirez;
      |      ^~~~~~
../src/main.c:407:10: warning: unused variable 'rd_buf' [-Wunused-variable]
  407 |  uint8_t rd_buf[2];
      |          ^~~~~~
../src/main.c: In function 'Modify_BRDSPI16_Reg_bits':
../src/main.c:683:6: warning: variable 'spirez' set but not used [-Wunused-but-set-variable]
  683 |  int spirez;
      |      ^~~~~~
../src/main.c: In function 'Control_TCXO_DAC':
../src/main.c:737:15: warning: variable 'spirez' set but not used [-Wunused-but-set-variable]
  737 |  volatile int spirez;
      |               ^~~~~~
../src/main.c: In function 'Control_TCXO_ADF':
../src/main.c:775:15: warning: variable 'spirez' set but not used [-Wunused-but-set-variable]
  775 |  volatile int spirez;
      |               ^~~~~~
../src/main.c: In function 'ResetPLL':
../src/main.c:816:15: warning: variable 'spirez' set but not used [-Wunused-but-set-variable]
  816 |  int pll_ind, spirez;
      |               ^~~~~~
../src/main.c: In function 'RdPLLCFG':
../src/main.c:847:6: warning: variable 'spirez' set but not used [-Wunused-but-set-variable]
  847 |  int spirez;
      |      ^~~~~~
../src/main.c: In function 'UpdatePHCFG':
../src/main.c:1167:3: warning: implicit declaration of function 'RdRXPLLCFG'; did you mean 'RdTXPLLCFG'? [-Wimplicit-function-declaration]
 1167 |   RdRXPLLCFG(&pll_cfg);
      |   ^~~~~~~~~~
      |   RdTXPLLCFG
../src/main.c:1124:15: warning: variable 'spirez' set but not used [-Wunused-but-set-variable]
 1124 |  int pll_ind, spirez;
      |               ^~~~~~
../src/main.c:1121:20: warning: variable 'Dir' set but not used [-Wunused-but-set-variable]
 1121 |  uint32_t Val, Cx, Dir;
      |                    ^~~
../src/main.c:1121:16: warning: variable 'Cx' set but not used [-Wunused-but-set-variable]
 1121 |  uint32_t Val, Cx, Dir;
      |                ^~
../src/main.c:1121:11: warning: variable 'Val' set but not used [-Wunused-but-set-variable]
 1121 |  uint32_t Val, Cx, Dir;
      |           ^~~
../src/main.c:1120:11: warning: unused variable 'PLL_BASE' [-Wunused-variable]
 1120 |  uint32_t PLL_BASE;
      |           ^~~~~~~~
../src/main.c: In function 'AutoUpdatePHCFG':
../src/main.c:1256:17: warning: variable 'debug_ph_stat' set but not used [-Wunused-but-set-variable]
 1256 |  static uint8_t debug_ph_stat[50][360] = {0};
      |                 ^~~~~~~~~~~~~
../src/main.c:1252:6: warning: unused variable 'cmp_en' [-Wunused-variable]
 1252 |  int cmp_en = 0;
      |      ^~~~~~
../src/main.c:1251:6: warning: unused variable 'cmp_status_1' [-Wunused-variable]
 1251 |  int cmp_status_1 = 0;
      |      ^~~~~~~~~~~~
../src/main.c:1244:10: warning: variable 'pllcfgrez' set but not used [-Wunused-but-set-variable]
 1244 |  uint8_t pllcfgrez;
      |          ^~~~~~~~~
../src/main.c:1243:15: warning: variable 'spirez' set but not used [-Wunused-but-set-variable]
 1243 |  int pll_ind, spirez;
      |               ^~~~~~
../src/main.c:1240:20: warning: unused variable 'Dir' [-Wunused-variable]
 1240 |  uint32_t Val, Cx, Dir;
      |                    ^~~
../src/main.c:1240:16: warning: unused variable 'Cx' [-Wunused-variable]
 1240 |  uint32_t Val, Cx, Dir;
      |                ^~
../src/main.c:1240:11: warning: unused variable 'Val' [-Wunused-variable]
 1240 |  uint32_t Val, Cx, Dir;
      |           ^~~
../src/main.c:1239:11: warning: unused variable 'PLL_BASE' [-Wunused-variable]
 1239 |  uint32_t PLL_BASE;
      |           ^~~~~~~~
../src/main.c: In function 'UpdatePLLCFG':
../src/main.c:1410:15: warning: variable 'spirez' set but not used [-Wunused-but-set-variable]
 1410 |  int pll_ind, spirez;
      |               ^~~~~~
../src/main.c: In function 'UpdateADCPLLCFG':
../src/main.c:1439:15: warning: variable 'spirez' set but not used [-Wunused-but-set-variable]
 1439 |  int pll_ind, spirez;
      |               ^~~~~~
../src/main.c: In function 'CfgPLL':
../src/main.c:1465:6: warning: variable 'pll_stat' set but not used [-Wunused-but-set-variable]
 1465 |  int pll_stat;
      |      ^~~~~~~~
../src/main.c: In function 'Clk_Wiz_Reconfig':
../src/main.c:1560:9: warning: multi-line comment [-Wcomment]
 1560 |         //xil_printf("\n ERROR: Clock is not locked for default frequency" \
      |         ^
../src/main.c:1570:8: warning: multi-line comment [-Wcomment]
 1570 |        // xil_printf("\n ERROR: Clock is locked : 0x%x \t expected "\
      |        ^
../src/main.c:1661:9: warning: multi-line comment [-Wcomment]
 1661 |         //xil_printf("\n ERROR: Clock is not locked : 0x%x \t Expected "\
      |         ^
../src/main.c: In function 'RdADC':
../src/main.c:1674:6: warning: variable 'spirez' set but not used [-Wunused-but-set-variable]
 1674 |  int spirez;
      |      ^~~~~~
../src/main.c: In function 'main':
../src/main.c:1907:61: warning: implicit declaration of function 'lroundf' [-Wimplicit-function-declaration]
 1907 |                                                  (uint16_t)(lroundf(trimdac_cal_line.slope * (float) trimdac_cal_line.point[0].x)));
      |                                                             ^~~~~~~
../src/main.c:1907:61: warning: incompatible implicit declaration of built-in function 'lroundf'
../src/main.c:22:1: note: include '<math.h>' or provide a declaration of 'lroundf'
   21 | #include "sleep.h"
  +++ |+#include <math.h>
   22 | 
../src/main.c:1800:6: warning: variable 'test_rd' set but not used [-Wunused-but-set-variable]
 1800 |  int test_rd;
      |      ^~~~~~~
../src/main.c:1745:6: warning: unused variable 'spi_ByteCount' [-Wunused-variable]
 1745 |  int spi_ByteCount;
      |      ^~~~~~~~~~~~~
../src/main.c:1743:5: warning: unused variable 'spi_WriteBuffer' [-Wunused-variable]
 1743 |  u8 spi_WriteBuffer[4];
      |     ^~~~~~~~~~~~~~~
../src/main.c:1739:6: warning: unused variable 'Status' [-Wunused-variable]
 1739 |  u32 Status = XST_SUCCESS;
      |      ^~~~~~
../src/main.c:1738:19: warning: unused variable 'CfgPtr_Dynamic' [-Wunused-variable]
 1738 |  XClk_Wiz_Config *CfgPtr_Dynamic;
      |                   ^~~~~~~~~~~~~~
../src/main.c:1737:19: warning: unused variable 'CfgPtr_Mon' [-Wunused-variable]
 1737 |  XClk_Wiz_Config *CfgPtr_Mon;
      |                   ^~~~~~~~~~
../src/main.c:1735:6: warning: unused variable 'Fail' [-Wunused-variable]
 1735 |  u32 Fail  = 0;
      |      ^~~~
../src/main.c:1733:6: warning: unused variable 'pll_stat' [-Wunused-variable]
 1733 |  u32 pll_stat;
      |      ^~~~~~~~
../src/main.c:1730:10: warning: variable 'pllcfgrez' set but not used [-Wunused-but-set-variable]
 1730 |  uint8_t pllcfgrez;
      |          ^~~~~~~~~
../src/main.c:1700:10: warning: unused variable 'rd_buf' [-Wunused-variable]
 1700 |  uint8_t rd_buf[4];
      |          ^~~~~~
../src/main.c:1699:10: warning: unused variable 'wr_buf' [-Wunused-variable]
 1699 |  uint8_t wr_buf[4];
      |          ^~~~~~
Finished building: ../src/main.c
 
Building file: ../src/platform.c
Invoking: MicroBlaze gcc compiler
mb-gcc -Wall -O0 -g3 -c -fmessage-length=0 -MT"src/platform.o" -I/home/servenikas/git/pcie_5gradio_gw/workspace/lms7_trx_top/export/lms7_trx_top/sw/lms7_trx_top/domain_microblaze_0/bspinclude/include -mlittle-endian -mcpu=v11.0 -mxl-soft-mul -Wl,--no-relax -ffunction-sections -fdata-sections -MMD -MP -MF"src/platform.d" -MT"src/platform.o" -o "src/platform.o" "../src/platform.c"
Finished building: ../src/platform.c
 
Building file: ../src/pll_rcfg.c
Invoking: MicroBlaze gcc compiler
mb-gcc -Wall -O0 -g3 -c -fmessage-length=0 -MT"src/pll_rcfg.o" -I/home/servenikas/git/pcie_5gradio_gw/workspace/lms7_trx_top/export/lms7_trx_top/sw/lms7_trx_top/domain_microblaze_0/bspinclude/include -mlittle-endian -mcpu=v11.0 -mxl-soft-mul -Wl,--no-relax -ffunction-sections -fdata-sections -MMD -MP -MF"src/pll_rcfg.d" -MT"src/pll_rcfg.o" -o "src/pll_rcfg.o" "../src/pll_rcfg.c"
../src/pll_rcfg.c: In function 'get_pll_config':
../src/pll_rcfg.c:15:19: warning: implicit declaration of function 'IORD_32DIRECT' [-Wimplicit-function-declaration]
   15 |  pll_cfg->M_cnt = IORD_32DIRECT(PLL_BASE, M_COUNTER);
      |                   ^~~~~~~~~~~~~
../src/pll_rcfg.c: In function 'set_pll_config':
../src/pll_rcfg.c:37:2: warning: implicit declaration of function 'IOWR_32DIRECT' [-Wimplicit-function-declaration]
   37 |  IOWR_32DIRECT(PLL_BASE, M_COUNTER, pll_cfg->M_cnt);
      |  ^~~~~~~~~~~~~
Finished building: ../src/pll_rcfg.c
 
Building file: ../src/vctcxo_tamer.c
Invoking: MicroBlaze gcc compiler
mb-gcc -Wall -O0 -g3 -c -fmessage-length=0 -MT"src/vctcxo_tamer.o" -I/home/servenikas/git/pcie_5gradio_gw/workspace/lms7_trx_top/export/lms7_trx_top/sw/lms7_trx_top/domain_microblaze_0/bspinclude/include -mlittle-endian -mcpu=v11.0 -mxl-soft-mul -Wl,--no-relax -ffunction-sections -fdata-sections -MMD -MP -MF"src/vctcxo_tamer.d" -MT"src/vctcxo_tamer.o" -o "src/vctcxo_tamer.o" "../src/vctcxo_tamer.c"
Finished building: ../src/vctcxo_tamer.c
 
Building target: cpu.elf
Invoking: MicroBlaze gcc linker
mb-gcc -Wl,-T -Wl,../src/lscript.ld -L/home/servenikas/git/pcie_5gradio_gw/workspace/lms7_trx_top/export/lms7_trx_top/sw/lms7_trx_top/domain_microblaze_0/bsplib/lib -mlittle-endian -mcpu=v11.0 -mxl-soft-mul -Wl,--no-relax -Wl,--gc-sections -o "cpu.elf"  ./src/main.o ./src/platform.o ./src/pll_rcfg.o ./src/vctcxo_tamer.o   -Wl,--start-group,-lxil,-lgcc,-lc,--end-group
Finished building target: cpu.elf
 
Invoking: MicroBlaze Print Size
mb-size cpu.elf  |tee "cpu.elf.size"
   text	   data	    bss	    dec	    hex	filename
  32312	    560	  20760	  53632	   d180	cpu.elf
Finished building: cpu.elf.size
 
15:23:41 **** Incremental Build of configuration Debug for project cpu_system ****
make all 
Skipping SD card image generation. Reason: The system project only has applications for microblaze processors.
