16:33:37 **** Incremental Build of project lms7_trx_top ****
buildplatform.sh 33251 lms7_trx_top no_domain_build 
XSDB Server Channel: tcfchan#12
16:33:42 **** Incremental Build of configuration Debug for project cpu ****
make all 
Building file: ../src/cdcm6208.c
Invoking: MicroBlaze gcc compiler
mb-gcc -Wall -O0 -g3 -c -fmessage-length=0 -MT"src/cdcm6208.o" -I/home/servenikas/git/pcie_5gradio_gw/workspace/lms7_trx_top/export/lms7_trx_top/sw/lms7_trx_top/domain_microblaze_0/bspinclude/include -mlittle-endian -mcpu=v11.0 -mxl-soft-mul -Wl,--no-relax -ffunction-sections -fdata-sections -MMD -MP -MF"src/cdcm6208.d" -MT"src/cdcm6208.o" -o "src/cdcm6208.o" "../src/cdcm6208.c"
../src/cdcm6208.c: In function 'Write_to_CDCM':
../src/cdcm6208.c:14:6: warning: variable 'spi_status' set but not used [-Wunused-but-set-variable]
   14 |  int spi_status;
      |      ^~~~~~~~~~
../src/cdcm6208.c: In function 'Check_CDCM_Update':
../src/cdcm6208.c:100:14: warning: suggest parentheses around comparison in operand of '&' [-Wparentheses]
  100 |  if(rd_buf[3]&1 == 1) // Check if cdcm should be updated
      |              ^
../src/cdcm6208.c:87:11: warning: unused variable 'cdcm_rd' [-Wunused-variable]
   87 |  uint16_t cdcm_rd;
      |           ^~~~~~~
../src/cdcm6208.c: In function 'ReadALLCDCM_Registers':
../src/cdcm6208.c:129:11: warning: unused variable 'cdcm_rd' [-Wunused-variable]
  129 |  uint16_t cdcm_rd;
      |           ^~~~~~~
Finished building: ../src/cdcm6208.c
 
Building file: ../src/main.c
Invoking: MicroBlaze gcc compiler
mb-gcc -Wall -O0 -g3 -c -fmessage-length=0 -MT"src/main.o" -I/home/servenikas/git/pcie_5gradio_gw/workspace/lms7_trx_top/export/lms7_trx_top/sw/lms7_trx_top/domain_microblaze_0/bspinclude/include -mlittle-endian -mcpu=v11.0 -mxl-soft-mul -Wl,--no-relax -ffunction-sections -fdata-sections -MMD -MP -MF"src/main.d" -MT"src/main.o" -o "src/main.o" "../src/main.c"
../src/main.c: In function 'Configure_LM75':
../src/main.c:207:6: warning: variable 'rez' set but not used [-Wunused-but-set-variable]
  207 |  int rez;
      |      ^~~
../src/main.c: In function 'TestMode_ADC':
../src/main.c:260:6: warning: variable 'spirez' set but not used [-Wunused-but-set-variable]
  260 |  int spirez;
      |      ^~~~~~
../src/main.c:259:10: warning: unused variable 'rd_buf' [-Wunused-variable]
  259 |  uint8_t rd_buf[2];
      |          ^~~~~~
../src/main.c: In function 'init_ADC':
../src/main.c:308:6: warning: variable 'spirez' set but not used [-Wunused-but-set-variable]
  308 |  int spirez;
      |      ^~~~~~
../src/main.c:307:10: warning: unused variable 'rd_buf' [-Wunused-variable]
  307 |  uint8_t rd_buf[2];
      |          ^~~~~~
../src/main.c: In function 'Modify_BRDSPI16_Reg_bits':
../src/main.c:583:6: warning: variable 'spirez' set but not used [-Wunused-but-set-variable]
  583 |  int spirez;
      |      ^~~~~~
../src/main.c: In function 'Control_TCXO_DAC':
../src/main.c:637:15: warning: variable 'spirez' set but not used [-Wunused-but-set-variable]
  637 |  volatile int spirez;
      |               ^~~~~~
../src/main.c: In function 'Control_TCXO_ADF':
../src/main.c:675:15: warning: variable 'spirez' set but not used [-Wunused-but-set-variable]
  675 |  volatile int spirez;
      |               ^~~~~~
../src/main.c: In function 'ResetPLL':
../src/main.c:716:15: warning: variable 'spirez' set but not used [-Wunused-but-set-variable]
  716 |  int pll_ind, spirez;
      |               ^~~~~~
../src/main.c: In function 'RdPLLCFG':
../src/main.c:747:6: warning: variable 'spirez' set but not used [-Wunused-but-set-variable]
  747 |  int spirez;
      |      ^~~~~~
../src/main.c: In function 'UpdatePHCFG':
../src/main.c:1067:3: warning: implicit declaration of function 'RdRXPLLCFG'; did you mean 'RdTXPLLCFG'? [-Wimplicit-function-declaration]
 1067 |   RdRXPLLCFG(&pll_cfg);
      |   ^~~~~~~~~~
      |   RdTXPLLCFG
../src/main.c:1024:15: warning: variable 'spirez' set but not used [-Wunused-but-set-variable]
 1024 |  int pll_ind, spirez;
      |               ^~~~~~
../src/main.c:1021:20: warning: variable 'Dir' set but not used [-Wunused-but-set-variable]
 1021 |  uint32_t Val, Cx, Dir;
      |                    ^~~
../src/main.c:1021:16: warning: variable 'Cx' set but not used [-Wunused-but-set-variable]
 1021 |  uint32_t Val, Cx, Dir;
      |                ^~
../src/main.c:1021:11: warning: variable 'Val' set but not used [-Wunused-but-set-variable]
 1021 |  uint32_t Val, Cx, Dir;
      |           ^~~
../src/main.c:1020:11: warning: unused variable 'PLL_BASE' [-Wunused-variable]
 1020 |  uint32_t PLL_BASE;
      |           ^~~~~~~~
../src/main.c: In function 'AutoUpdatePHCFG':
../src/main.c:1156:17: warning: variable 'debug_ph_stat' set but not used [-Wunused-but-set-variable]
 1156 |  static uint8_t debug_ph_stat[50][360] = {0};
      |                 ^~~~~~~~~~~~~
../src/main.c:1152:6: warning: unused variable 'cmp_en' [-Wunused-variable]
 1152 |  int cmp_en = 0;
      |      ^~~~~~
../src/main.c:1151:6: warning: unused variable 'cmp_status_1' [-Wunused-variable]
 1151 |  int cmp_status_1 = 0;
      |      ^~~~~~~~~~~~
../src/main.c:1144:10: warning: variable 'pllcfgrez' set but not used [-Wunused-but-set-variable]
 1144 |  uint8_t pllcfgrez;
      |          ^~~~~~~~~
../src/main.c:1143:15: warning: variable 'spirez' set but not used [-Wunused-but-set-variable]
 1143 |  int pll_ind, spirez;
      |               ^~~~~~
../src/main.c:1140:20: warning: unused variable 'Dir' [-Wunused-variable]
 1140 |  uint32_t Val, Cx, Dir;
      |                    ^~~
../src/main.c:1140:16: warning: unused variable 'Cx' [-Wunused-variable]
 1140 |  uint32_t Val, Cx, Dir;
      |                ^~
../src/main.c:1140:11: warning: unused variable 'Val' [-Wunused-variable]
 1140 |  uint32_t Val, Cx, Dir;
      |           ^~~
../src/main.c:1139:11: warning: unused variable 'PLL_BASE' [-Wunused-variable]
 1139 |  uint32_t PLL_BASE;
      |           ^~~~~~~~
../src/main.c: In function 'UpdatePLLCFG':
../src/main.c:1310:15: warning: variable 'spirez' set but not used [-Wunused-but-set-variable]
 1310 |  int pll_ind, spirez;
      |               ^~~~~~
../src/main.c: In function 'UpdateADCPLLCFG':
../src/main.c:1339:15: warning: variable 'spirez' set but not used [-Wunused-but-set-variable]
 1339 |  int pll_ind, spirez;
      |               ^~~~~~
../src/main.c: In function 'CfgPLL':
../src/main.c:1365:6: warning: variable 'pll_stat' set but not used [-Wunused-but-set-variable]
 1365 |  int pll_stat;
      |      ^~~~~~~~
../src/main.c: In function 'Clk_Wiz_Reconfig':
../src/main.c:1460:9: warning: multi-line comment [-Wcomment]
 1460 |         //xil_printf("\n ERROR: Clock is not locked for default frequency" \
      |         ^
../src/main.c:1470:8: warning: multi-line comment [-Wcomment]
 1470 |        // xil_printf("\n ERROR: Clock is locked : 0x%x \t expected "\
      |        ^
../src/main.c:1561:9: warning: multi-line comment [-Wcomment]
 1561 |         //xil_printf("\n ERROR: Clock is not locked : 0x%x \t Expected "\
      |         ^
../src/main.c: In function 'RdADC':
../src/main.c:1574:6: warning: variable 'spirez' set but not used [-Wunused-but-set-variable]
 1574 |  int spirez;
      |      ^~~~~~
../src/main.c: In function 'main':
../src/main.c:1814:61: warning: implicit declaration of function 'lroundf' [-Wimplicit-function-declaration]
 1814 |                                                  (uint16_t)(lroundf(trimdac_cal_line.slope * (float) trimdac_cal_line.point[0].x)));
      |                                                             ^~~~~~~
../src/main.c:1814:61: warning: incompatible implicit declaration of built-in function 'lroundf'
../src/main.c:23:1: note: include '<math.h>' or provide a declaration of 'lroundf'
   22 | #include "sleep.h"
  +++ |+#include <math.h>
   23 | 
../src/main.c:1702:6: warning: variable 'test_rd' set but not used [-Wunused-but-set-variable]
 1702 |  int test_rd;
      |      ^~~~~~~
../src/main.c:1645:6: warning: unused variable 'spi_ByteCount' [-Wunused-variable]
 1645 |  int spi_ByteCount;
      |      ^~~~~~~~~~~~~
../src/main.c:1643:5: warning: unused variable 'spi_WriteBuffer' [-Wunused-variable]
 1643 |  u8 spi_WriteBuffer[4];
      |     ^~~~~~~~~~~~~~~
../src/main.c:1639:6: warning: unused variable 'Status' [-Wunused-variable]
 1639 |  u32 Status = XST_SUCCESS;
      |      ^~~~~~
../src/main.c:1638:19: warning: unused variable 'CfgPtr_Dynamic' [-Wunused-variable]
 1638 |  XClk_Wiz_Config *CfgPtr_Dynamic;
      |                   ^~~~~~~~~~~~~~
../src/main.c:1637:19: warning: unused variable 'CfgPtr_Mon' [-Wunused-variable]
 1637 |  XClk_Wiz_Config *CfgPtr_Mon;
      |                   ^~~~~~~~~~
../src/main.c:1635:6: warning: unused variable 'Fail' [-Wunused-variable]
 1635 |  u32 Fail  = 0;
      |      ^~~~
../src/main.c:1633:6: warning: unused variable 'pll_stat' [-Wunused-variable]
 1633 |  u32 pll_stat;
      |      ^~~~~~~~
../src/main.c:1630:10: warning: variable 'pllcfgrez' set but not used [-Wunused-but-set-variable]
 1630 |  uint8_t pllcfgrez;
      |          ^~~~~~~~~
../src/main.c:1600:10: warning: unused variable 'rd_buf' [-Wunused-variable]
 1600 |  uint8_t rd_buf[4];
      |          ^~~~~~
../src/main.c:1599:10: warning: unused variable 'wr_buf' [-Wunused-variable]
 1599 |  uint8_t wr_buf[4];
      |          ^~~~~~
Finished building: ../src/main.c
 
Building file: ../src/platform.c
Invoking: MicroBlaze gcc compiler
mb-gcc -Wall -O0 -g3 -c -fmessage-length=0 -MT"src/platform.o" -I/home/servenikas/git/pcie_5gradio_gw/workspace/lms7_trx_top/export/lms7_trx_top/sw/lms7_trx_top/domain_microblaze_0/bspinclude/include -mlittle-endian -mcpu=v11.0 -mxl-soft-mul -Wl,--no-relax -ffunction-sections -fdata-sections -MMD -MP -MF"src/platform.d" -MT"src/platform.o" -o "src/platform.o" "../src/platform.c"
Finished building: ../src/platform.c
 
Building file: ../src/pll_rcfg.c
Invoking: MicroBlaze gcc compiler
mb-gcc -Wall -O0 -g3 -c -fmessage-length=0 -MT"src/pll_rcfg.o" -I/home/servenikas/git/pcie_5gradio_gw/workspace/lms7_trx_top/export/lms7_trx_top/sw/lms7_trx_top/domain_microblaze_0/bspinclude/include -mlittle-endian -mcpu=v11.0 -mxl-soft-mul -Wl,--no-relax -ffunction-sections -fdata-sections -MMD -MP -MF"src/pll_rcfg.d" -MT"src/pll_rcfg.o" -o "src/pll_rcfg.o" "../src/pll_rcfg.c"
../src/pll_rcfg.c: In function 'get_pll_config':
../src/pll_rcfg.c:15:19: warning: implicit declaration of function 'IORD_32DIRECT' [-Wimplicit-function-declaration]
   15 |  pll_cfg->M_cnt = IORD_32DIRECT(PLL_BASE, M_COUNTER);
      |                   ^~~~~~~~~~~~~
../src/pll_rcfg.c: In function 'set_pll_config':
../src/pll_rcfg.c:37:2: warning: implicit declaration of function 'IOWR_32DIRECT' [-Wimplicit-function-declaration]
   37 |  IOWR_32DIRECT(PLL_BASE, M_COUNTER, pll_cfg->M_cnt);
      |  ^~~~~~~~~~~~~
Finished building: ../src/pll_rcfg.c
 
Building file: ../src/vctcxo_tamer.c
Invoking: MicroBlaze gcc compiler
mb-gcc -Wall -O0 -g3 -c -fmessage-length=0 -MT"src/vctcxo_tamer.o" -I/home/servenikas/git/pcie_5gradio_gw/workspace/lms7_trx_top/export/lms7_trx_top/sw/lms7_trx_top/domain_microblaze_0/bspinclude/include -mlittle-endian -mcpu=v11.0 -mxl-soft-mul -Wl,--no-relax -ffunction-sections -fdata-sections -MMD -MP -MF"src/vctcxo_tamer.d" -MT"src/vctcxo_tamer.o" -o "src/vctcxo_tamer.o" "../src/vctcxo_tamer.c"
Finished building: ../src/vctcxo_tamer.c
 
Building target: cpu.elf
Invoking: MicroBlaze gcc linker
mb-gcc -Wl,-T -Wl,../src/lscript.ld -L/home/servenikas/git/pcie_5gradio_gw/workspace/lms7_trx_top/export/lms7_trx_top/sw/lms7_trx_top/domain_microblaze_0/bsplib/lib -mlittle-endian -mcpu=v11.0 -mxl-soft-mul -Wl,--no-relax -Wl,--gc-sections -o "cpu.elf"  ./src/cdcm6208.o ./src/main.o ./src/platform.o ./src/pll_rcfg.o ./src/vctcxo_tamer.o   -Wl,--start-group,-lxil,-lgcc,-lc,--end-group
Finished building target: cpu.elf
 
Invoking: MicroBlaze Print Size
mb-size cpu.elf  |tee "cpu.elf.size"
   text	   data	    bss	    dec	    hex	filename
  32712	    560	  20760	  54032	   d310	cpu.elf
Finished building: cpu.elf.size
 
16:33:42 **** Incremental Build of configuration Debug for project cpu_system ****
make all 
Skipping SD card image generation. Reason: The system project only has applications for microblaze processors.
